---
http_interactions:
- request:
    method: get
    uri: http://www.mapquestapi.com/geocoding/v1/address?key=RtkFJirdvM4cLftMQMIv8vwqvzlHDUR2&location=denver,co
    body:
      encoding: US-ASCII
      string: ''
    headers:
      User-Agent:
      - Faraday v1.8.0
      Accept-Encoding:
      - gzip;q=1.0,deflate;q=0.6,identity;q=0.3
      Accept:
      - "*/*"
  response:
    status:
      code: 200
      message: ''
    headers:
      Date:
      - Mon, 27 Sep 2021 22:26:43 GMT
      Content-Type:
      - application/json;charset=UTF-8
      Content-Length:
      - '1733'
      Access-Control-Allow-Methods:
      - OPTIONS,GET,POST
      Access-Control-Allow-Origin:
      - "*"
      Cache-Control:
      - no-cache, must-revalidate
      Expires:
      - Mon, 20 Dec 1998 01:00:00 GMT
      Geocodetransactioncount:
      - '1'
      Last-Modified:
      - Mon, 27 Sep 2021 22:26:43 GMT
      Pragma:
      - no-cache
      Reversegeocodetransactioncount:
      - '0'
      Set-Cookie:
      - JSESSIONID=88B1B839906FB9F8854D04598E6CAE6B; Path=/; HttpOnly
      Status:
      - success
      Transactionweight:
      - '1.0'
    body:
      encoding: UTF-8
      string: '{"info":{"statuscode":0,"copyright":{"text":"\u00A9 2021 MapQuest,
        Inc.","imageUrl":"http://api.mqcdn.com/res/mqlogo.gif","imageAltText":"\u00A9
        2021 MapQuest, Inc."},"messages":[]},"options":{"maxResults":-1,"thumbMaps":true,"ignoreLatLngInput":false},"results":[{"providedLocation":{"location":"denver,co"},"locations":[{"street":"","adminArea6":"","adminArea6Type":"Neighborhood","adminArea5":"Denver","adminArea5Type":"City","adminArea4":"Denver
        County","adminArea4Type":"County","adminArea3":"CO","adminArea3Type":"State","adminArea1":"US","adminArea1Type":"Country","postalCode":"","geocodeQualityCode":"A5XAX","geocodeQuality":"CITY","dragPoint":false,"sideOfStreet":"N","linkId":"282041090","unknownInput":"","type":"s","latLng":{"lat":39.738453,"lng":-104.984853},"displayLatLng":{"lat":39.738453,"lng":-104.984853},"mapUrl":"http://www.mapquestapi.com/staticmap/v5/map?key=RtkFJirdvM4cLftMQMIv8vwqvzlHDUR2&type=map&size=225,160&locations=39.738453,-104.984853|marker-sm-50318A-1&scalebar=true&zoom=12&rand=463140535"},{"street":"","adminArea6":"","adminArea6Type":"Neighborhood","adminArea5":"","adminArea5Type":"City","adminArea4":"Denver
        County","adminArea4Type":"County","adminArea3":"CO","adminArea3Type":"State","adminArea1":"US","adminArea1Type":"Country","postalCode":"","geocodeQualityCode":"A4XAX","geocodeQuality":"COUNTY","dragPoint":false,"sideOfStreet":"N","linkId":"282932003","unknownInput":"","type":"s","latLng":{"lat":39.738453,"lng":-104.984853},"displayLatLng":{"lat":39.738453,"lng":-104.984853},"mapUrl":"http://www.mapquestapi.com/staticmap/v5/map?key=RtkFJirdvM4cLftMQMIv8vwqvzlHDUR2&type=map&size=225,160&locations=39.738453,-104.984853|marker-sm-50318A-2&scalebar=true&zoom=9&rand=-280320033"}]}]}'
  recorded_at: Mon, 27 Sep 2021 22:26:43 GMT
- request:
    method: get
    uri: http://www.mapquestapi.com/geocoding/v1/address?key=RtkFJirdvM4cLftMQMIv8vwqvzlHDUR2&location=denver,co
    body:
      encoding: US-ASCII
      string: ''
    headers:
      User-Agent:
      - Faraday v1.8.0
      Accept-Encoding:
      - gzip;q=1.0,deflate;q=0.6,identity;q=0.3
      Accept:
      - "*/*"
  response:
    status:
      code: 200
      message: ''
    headers:
      Date:
      - Mon, 27 Sep 2021 22:26:43 GMT
      Content-Type:
      - application/json;charset=UTF-8
      Content-Length:
      - '1735'
      Access-Control-Allow-Methods:
      - OPTIONS,GET,POST
      Access-Control-Allow-Origin:
      - "*"
      Cache-Control:
      - no-cache, must-revalidate
      Expires:
      - Mon, 20 Dec 1998 01:00:00 GMT
      Geocodetransactioncount:
      - '1'
      Last-Modified:
      - Mon, 27 Sep 2021 22:26:43 GMT
      Pragma:
      - no-cache
      Reversegeocodetransactioncount:
      - '0'
      Set-Cookie:
      - JSESSIONID=1867F41715C4C65F440018FC05A0F580; Path=/; HttpOnly
      Status:
      - success
      Transactionweight:
      - '1.0'
    body:
      encoding: UTF-8
      string: '{"info":{"statuscode":0,"copyright":{"text":"\u00A9 2021 MapQuest,
        Inc.","imageUrl":"http://api.mqcdn.com/res/mqlogo.gif","imageAltText":"\u00A9
        2021 MapQuest, Inc."},"messages":[]},"options":{"maxResults":-1,"thumbMaps":true,"ignoreLatLngInput":false},"results":[{"providedLocation":{"location":"denver,co"},"locations":[{"street":"","adminArea6":"","adminArea6Type":"Neighborhood","adminArea5":"Denver","adminArea5Type":"City","adminArea4":"Denver
        County","adminArea4Type":"County","adminArea3":"CO","adminArea3Type":"State","adminArea1":"US","adminArea1Type":"Country","postalCode":"","geocodeQualityCode":"A5XAX","geocodeQuality":"CITY","dragPoint":false,"sideOfStreet":"N","linkId":"282041090","unknownInput":"","type":"s","latLng":{"lat":39.738453,"lng":-104.984853},"displayLatLng":{"lat":39.738453,"lng":-104.984853},"mapUrl":"http://www.mapquestapi.com/staticmap/v5/map?key=RtkFJirdvM4cLftMQMIv8vwqvzlHDUR2&type=map&size=225,160&locations=39.738453,-104.984853|marker-sm-50318A-1&scalebar=true&zoom=12&rand=-907524719"},{"street":"","adminArea6":"","adminArea6Type":"Neighborhood","adminArea5":"","adminArea5Type":"City","adminArea4":"Denver
        County","adminArea4Type":"County","adminArea3":"CO","adminArea3Type":"State","adminArea1":"US","adminArea1Type":"Country","postalCode":"","geocodeQualityCode":"A4XAX","geocodeQuality":"COUNTY","dragPoint":false,"sideOfStreet":"N","linkId":"282932003","unknownInput":"","type":"s","latLng":{"lat":39.738453,"lng":-104.984853},"displayLatLng":{"lat":39.738453,"lng":-104.984853},"mapUrl":"http://www.mapquestapi.com/staticmap/v5/map?key=RtkFJirdvM4cLftMQMIv8vwqvzlHDUR2&type=map&size=225,160&locations=39.738453,-104.984853|marker-sm-50318A-2&scalebar=true&zoom=9&rand=-1974115036"}]}]}'
  recorded_at: Mon, 27 Sep 2021 22:26:43 GMT
- request:
    method: get
    uri: https://api.openweathermap.org/data/2.5/onecall?appid=b2791d8640cafcbb42a67dde76554cb9&exclude=minutely,alerts&lat=39.738453&lon=-104.984853&units=imperial
    body:
      encoding: US-ASCII
      string: ''
    headers:
      User-Agent:
      - Faraday v1.8.0
      Accept-Encoding:
      - gzip;q=1.0,deflate;q=0.6,identity;q=0.3
      Accept:
      - "*/*"
  response:
    status:
      code: 200
      message: OK
    headers:
      Server:
      - openresty
      Date:
      - Mon, 27 Sep 2021 22:26:44 GMT
      Content-Type:
      - application/json; charset=utf-8
      Content-Length:
      - '17658'
      Connection:
      - keep-alive
      X-Cache-Key:
      - "/data/2.5/onecall?exclude=minutely%2Calerts&lat=39.74&lon=-104.98&units=imperial"
      Access-Control-Allow-Origin:
      - "*"
      Access-Control-Allow-Credentials:
      - 'true'
      Access-Control-Allow-Methods:
      - GET, POST
    body:
      encoding: UTF-8
      string: '{"lat":39.7385,"lon":-104.9849,"timezone":"America/Denver","timezone_offset":-21600,"current":{"dt":1632781604,"sunrise":1632747150,"sunset":1632790142,"temp":86.04,"feels_like":82.69,"pressure":1007,"humidity":15,"dew_point":33.06,"uvi":2.43,"clouds":21,"visibility":10000,"wind_speed":1.01,"wind_deg":72,"wind_gust":5.99,"weather":[{"id":801,"main":"Clouds","description":"few
        clouds","icon":"02d"}]},"hourly":[{"dt":1632780000,"temp":86.04,"feels_like":82.69,"pressure":1007,"humidity":15,"dew_point":33.06,"uvi":2.43,"clouds":21,"visibility":10000,"wind_speed":12.68,"wind_deg":127,"wind_gust":11.03,"weather":[{"id":801,"main":"Clouds","description":"few
        clouds","icon":"02d"}],"pop":0},{"dt":1632783600,"temp":86.07,"feels_like":82.69,"pressure":1006,"humidity":14,"dew_point":31.44,"uvi":1.04,"clouds":22,"visibility":10000,"wind_speed":15.23,"wind_deg":136,"wind_gust":11.72,"weather":[{"id":801,"main":"Clouds","description":"few
        clouds","icon":"02d"}],"pop":0},{"dt":1632787200,"temp":85.33,"feels_like":82.11,"pressure":1006,"humidity":13,"dew_point":29.34,"uvi":0.25,"clouds":27,"visibility":10000,"wind_speed":14.16,"wind_deg":136,"wind_gust":12.5,"weather":[{"id":802,"main":"Clouds","description":"scattered
        clouds","icon":"03d"}],"pop":0},{"dt":1632790800,"temp":83.03,"feels_like":80.38,"pressure":1006,"humidity":13,"dew_point":27.73,"uvi":0,"clouds":68,"visibility":10000,"wind_speed":12.1,"wind_deg":137,"wind_gust":18.28,"weather":[{"id":803,"main":"Clouds","description":"broken
        clouds","icon":"04n"}],"pop":0},{"dt":1632794400,"temp":80.22,"feels_like":78.53,"pressure":1006,"humidity":16,"dew_point":30.25,"uvi":0,"clouds":84,"visibility":10000,"wind_speed":10.09,"wind_deg":140,"wind_gust":19.73,"weather":[{"id":803,"main":"Clouds","description":"broken
        clouds","icon":"04n"}],"pop":0},{"dt":1632798000,"temp":76.8,"feels_like":75.02,"pressure":1007,"humidity":18,"dew_point":29.89,"uvi":0,"clouds":100,"visibility":10000,"wind_speed":8.25,"wind_deg":157,"wind_gust":20.02,"weather":[{"id":804,"main":"Clouds","description":"overcast
        clouds","icon":"04n"}],"pop":0},{"dt":1632801600,"temp":74.79,"feels_like":72.9,"pressure":1007,"humidity":20,"dew_point":30.87,"uvi":0,"clouds":100,"visibility":10000,"wind_speed":5.64,"wind_deg":176,"wind_gust":16.98,"weather":[{"id":804,"main":"Clouds","description":"overcast
        clouds","icon":"04n"}],"pop":0},{"dt":1632805200,"temp":73.58,"feels_like":71.62,"pressure":1007,"humidity":21,"dew_point":31.44,"uvi":0,"clouds":100,"visibility":10000,"wind_speed":4.83,"wind_deg":190,"wind_gust":11.05,"weather":[{"id":804,"main":"Clouds","description":"overcast
        clouds","icon":"04n"}],"pop":0},{"dt":1632808800,"temp":72.45,"feels_like":70.43,"pressure":1007,"humidity":22,"dew_point":31.59,"uvi":0,"clouds":100,"visibility":10000,"wind_speed":3.27,"wind_deg":199,"wind_gust":5.61,"weather":[{"id":804,"main":"Clouds","description":"overcast
        clouds","icon":"04n"}],"pop":0},{"dt":1632812400,"temp":71.6,"feels_like":69.55,"pressure":1007,"humidity":23,"dew_point":31.8,"uvi":0,"clouds":100,"visibility":10000,"wind_speed":2.82,"wind_deg":168,"wind_gust":4.79,"weather":[{"id":804,"main":"Clouds","description":"overcast
        clouds","icon":"04n"}],"pop":0.04},{"dt":1632816000,"temp":71.4,"feels_like":69.37,"pressure":1006,"humidity":24,"dew_point":32.16,"uvi":0,"clouds":100,"visibility":10000,"wind_speed":3.58,"wind_deg":249,"wind_gust":5.95,"weather":[{"id":804,"main":"Clouds","description":"overcast
        clouds","icon":"04n"}],"pop":0.04},{"dt":1632819600,"temp":71.11,"feels_like":69.06,"pressure":1005,"humidity":24,"dew_point":32.02,"uvi":0,"clouds":100,"visibility":10000,"wind_speed":1.86,"wind_deg":42,"wind_gust":3.71,"weather":[{"id":804,"main":"Clouds","description":"overcast
        clouds","icon":"04n"}],"pop":0.04},{"dt":1632823200,"temp":70.61,"feels_like":68.5,"pressure":1005,"humidity":24,"dew_point":31.75,"uvi":0,"clouds":100,"visibility":10000,"wind_speed":2.46,"wind_deg":80,"wind_gust":4.99,"weather":[{"id":804,"main":"Clouds","description":"overcast
        clouds","icon":"04n"}],"pop":0},{"dt":1632826800,"temp":69.8,"feels_like":67.69,"pressure":1005,"humidity":26,"dew_point":32.58,"uvi":0,"clouds":100,"visibility":10000,"wind_speed":3.47,"wind_deg":142,"wind_gust":5.84,"weather":[{"id":804,"main":"Clouds","description":"overcast
        clouds","icon":"04n"}],"pop":0},{"dt":1632830400,"temp":68.29,"feels_like":66.13,"pressure":1005,"humidity":28,"dew_point":33.76,"uvi":0,"clouds":96,"visibility":10000,"wind_speed":2.51,"wind_deg":155,"wind_gust":3.65,"weather":[{"id":804,"main":"Clouds","description":"overcast
        clouds","icon":"04n"}],"pop":0},{"dt":1632834000,"temp":66.49,"feels_like":64.29,"pressure":1005,"humidity":31,"dew_point":34.27,"uvi":0,"clouds":1,"visibility":10000,"wind_speed":2.77,"wind_deg":161,"wind_gust":4.29,"weather":[{"id":800,"main":"Clear","description":"clear
        sky","icon":"01d"}],"pop":0},{"dt":1632837600,"temp":67.21,"feels_like":65.03,"pressure":1005,"humidity":30,"dew_point":34.29,"uvi":0.25,"clouds":0,"visibility":10000,"wind_speed":2.59,"wind_deg":162,"wind_gust":3.58,"weather":[{"id":800,"main":"Clear","description":"clear
        sky","icon":"01d"}],"pop":0},{"dt":1632841200,"temp":69.78,"feels_like":67.73,"pressure":1005,"humidity":27,"dew_point":34.29,"uvi":1,"clouds":1,"visibility":10000,"wind_speed":2.35,"wind_deg":197,"wind_gust":3.96,"weather":[{"id":800,"main":"Clear","description":"clear
        sky","icon":"01d"}],"pop":0},{"dt":1632844800,"temp":72.7,"feels_like":70.79,"pressure":1004,"humidity":24,"dew_point":34.2,"uvi":2.32,"clouds":1,"visibility":10000,"wind_speed":3.51,"wind_deg":168,"wind_gust":7.4,"weather":[{"id":800,"main":"Clear","description":"clear
        sky","icon":"01d"}],"pop":0},{"dt":1632848400,"temp":75.78,"feels_like":74.05,"pressure":1003,"humidity":21,"dew_point":33.39,"uvi":3.94,"clouds":2,"visibility":10000,"wind_speed":5.99,"wind_deg":153,"wind_gust":12.5,"weather":[{"id":800,"main":"Clear","description":"clear
        sky","icon":"01d"}],"pop":0},{"dt":1632852000,"temp":78.46,"feels_like":76.86,"pressure":1001,"humidity":18,"dew_point":31.32,"uvi":5.23,"clouds":18,"visibility":10000,"wind_speed":11.86,"wind_deg":141,"wind_gust":12.77,"weather":[{"id":801,"main":"Clouds","description":"few
        clouds","icon":"02d"}],"pop":0},{"dt":1632855600,"temp":79.36,"feels_like":79.36,"pressure":1000,"humidity":17,"dew_point":31.06,"uvi":5.55,"clouds":57,"visibility":10000,"wind_speed":14.16,"wind_deg":141,"wind_gust":13.06,"weather":[{"id":803,"main":"Clouds","description":"broken
        clouds","icon":"04d"}],"pop":0},{"dt":1632859200,"temp":80.01,"feels_like":78.44,"pressure":999,"humidity":17,"dew_point":31.01,"uvi":5.06,"clouds":33,"visibility":10000,"wind_speed":14.32,"wind_deg":137,"wind_gust":11.97,"weather":[{"id":802,"main":"Clouds","description":"scattered
        clouds","icon":"03d"}],"pop":0.04},{"dt":1632862800,"temp":80.62,"feels_like":78.78,"pressure":997,"humidity":16,"dew_point":31.01,"uvi":3.81,"clouds":23,"visibility":10000,"wind_speed":14.14,"wind_deg":135,"wind_gust":10.98,"weather":[{"id":801,"main":"Clouds","description":"few
        clouds","icon":"02d"}],"pop":0.04},{"dt":1632866400,"temp":80.47,"feels_like":78.73,"pressure":997,"humidity":17,"dew_point":31.41,"uvi":2.24,"clouds":18,"visibility":10000,"wind_speed":14.32,"wind_deg":136,"wind_gust":11.05,"weather":[{"id":801,"main":"Clouds","description":"few
        clouds","icon":"02d"}],"pop":0.11},{"dt":1632870000,"temp":78.55,"feels_like":77.04,"pressure":997,"humidity":20,"dew_point":33.3,"uvi":0.95,"clouds":24,"visibility":10000,"wind_speed":12.5,"wind_deg":166,"wind_gust":12.48,"weather":[{"id":801,"main":"Clouds","description":"few
        clouds","icon":"02d"}],"pop":0.23},{"dt":1632873600,"temp":71.53,"feels_like":69.89,"pressure":999,"humidity":32,"dew_point":39.49,"uvi":0.23,"clouds":37,"visibility":10000,"wind_speed":15.23,"wind_deg":234,"wind_gust":20.71,"weather":[{"id":802,"main":"Clouds","description":"scattered
        clouds","icon":"03d"}],"pop":0.31},{"dt":1632877200,"temp":68.76,"feels_like":67.06,"pressure":1000,"humidity":37,"dew_point":40.73,"uvi":0,"clouds":100,"visibility":10000,"wind_speed":14.18,"wind_deg":215,"wind_gust":24.02,"weather":[{"id":804,"main":"Clouds","description":"overcast
        clouds","icon":"04n"}],"pop":0.2},{"dt":1632880800,"temp":68.04,"feels_like":66.33,"pressure":1000,"humidity":38,"dew_point":40.91,"uvi":0,"clouds":100,"visibility":10000,"wind_speed":9.91,"wind_deg":197,"wind_gust":13.87,"weather":[{"id":804,"main":"Clouds","description":"overcast
        clouds","icon":"04n"}],"pop":0.28},{"dt":1632884400,"temp":68.22,"feels_like":66.47,"pressure":1000,"humidity":37,"dew_point":40.62,"uvi":0,"clouds":100,"visibility":10000,"wind_speed":10.89,"wind_deg":246,"wind_gust":18.81,"weather":[{"id":804,"main":"Clouds","description":"overcast
        clouds","icon":"04n"}],"pop":0.27},{"dt":1632888000,"temp":66.67,"feels_like":64.81,"pressure":1000,"humidity":38,"dew_point":39.99,"uvi":0,"clouds":100,"visibility":10000,"wind_speed":5.35,"wind_deg":255,"wind_gust":10.94,"weather":[{"id":804,"main":"Clouds","description":"overcast
        clouds","icon":"04n"}],"pop":0.27},{"dt":1632891600,"temp":66.38,"feels_like":64.6,"pressure":1001,"humidity":40,"dew_point":40.84,"uvi":0,"clouds":98,"visibility":10000,"wind_speed":7.29,"wind_deg":226,"wind_gust":12.44,"weather":[{"id":804,"main":"Clouds","description":"overcast
        clouds","icon":"04n"}],"pop":0.23},{"dt":1632895200,"temp":65.5,"feels_like":63.68,"pressure":1001,"humidity":41,"dew_point":40.87,"uvi":0,"clouds":88,"visibility":10000,"wind_speed":6.22,"wind_deg":256,"wind_gust":12.59,"weather":[{"id":804,"main":"Clouds","description":"overcast
        clouds","icon":"04n"}],"pop":0.23},{"dt":1632898800,"temp":64.96,"feels_like":63.12,"pressure":1002,"humidity":42,"dew_point":40.95,"uvi":0,"clouds":97,"visibility":10000,"wind_speed":4.18,"wind_deg":255,"wind_gust":8.46,"weather":[{"id":804,"main":"Clouds","description":"overcast
        clouds","icon":"04n"}],"pop":0.04},{"dt":1632902400,"temp":64.98,"feels_like":63.14,"pressure":1003,"humidity":42,"dew_point":40.91,"uvi":0,"clouds":99,"visibility":10000,"wind_speed":3.06,"wind_deg":294,"wind_gust":6.29,"weather":[{"id":804,"main":"Clouds","description":"overcast
        clouds","icon":"04n"}],"pop":0},{"dt":1632906000,"temp":64.63,"feels_like":62.82,"pressure":1003,"humidity":43,"dew_point":40.91,"uvi":0,"clouds":99,"visibility":10000,"wind_speed":0.38,"wind_deg":243,"wind_gust":2.28,"weather":[{"id":804,"main":"Clouds","description":"overcast
        clouds","icon":"04n"}],"pop":0},{"dt":1632909600,"temp":63.79,"feels_like":61.93,"pressure":1003,"humidity":44,"dew_point":41.09,"uvi":0,"clouds":99,"visibility":10000,"wind_speed":0.13,"wind_deg":269,"wind_gust":2.44,"weather":[{"id":804,"main":"Clouds","description":"overcast
        clouds","icon":"04n"}],"pop":0},{"dt":1632913200,"temp":63.16,"feels_like":61.29,"pressure":1004,"humidity":45,"dew_point":41.16,"uvi":0,"clouds":99,"visibility":10000,"wind_speed":3.15,"wind_deg":66,"wind_gust":4.16,"weather":[{"id":804,"main":"Clouds","description":"overcast
        clouds","icon":"04n"}],"pop":0},{"dt":1632916800,"temp":61.16,"feels_like":59.23,"pressure":1006,"humidity":48,"dew_point":40.86,"uvi":0,"clouds":85,"visibility":10000,"wind_speed":4.63,"wind_deg":51,"wind_gust":6.62,"weather":[{"id":804,"main":"Clouds","description":"overcast
        clouds","icon":"04n"}],"pop":0},{"dt":1632920400,"temp":59.94,"feels_like":57.97,"pressure":1007,"humidity":50,"dew_point":40.68,"uvi":0,"clouds":7,"visibility":10000,"wind_speed":4.56,"wind_deg":69,"wind_gust":6.17,"weather":[{"id":800,"main":"Clear","description":"clear
        sky","icon":"01d"}],"pop":0},{"dt":1632924000,"temp":59.7,"feels_like":57.72,"pressure":1008,"humidity":50,"dew_point":40.95,"uvi":0.24,"clouds":8,"visibility":10000,"wind_speed":7.56,"wind_deg":73,"wind_gust":9.35,"weather":[{"id":800,"main":"Clear","description":"clear
        sky","icon":"01d"}],"pop":0},{"dt":1632927600,"temp":60.35,"feels_like":58.44,"pressure":1009,"humidity":50,"dew_point":41.4,"uvi":0.96,"clouds":8,"visibility":10000,"wind_speed":7.87,"wind_deg":61,"wind_gust":6.76,"weather":[{"id":800,"main":"Clear","description":"clear
        sky","icon":"01d"}],"pop":0},{"dt":1632931200,"temp":62.65,"feels_like":60.78,"pressure":1009,"humidity":46,"dew_point":41.23,"uvi":2.27,"clouds":7,"visibility":10000,"wind_speed":6.76,"wind_deg":55,"wind_gust":5.75,"weather":[{"id":800,"main":"Clear","description":"clear
        sky","icon":"01d"}],"pop":0},{"dt":1632934800,"temp":65.19,"feels_like":63.34,"pressure":1009,"humidity":41,"dew_point":41.02,"uvi":3.86,"clouds":6,"visibility":10000,"wind_speed":6.02,"wind_deg":70,"wind_gust":4.97,"weather":[{"id":800,"main":"Clear","description":"clear
        sky","icon":"01d"}],"pop":0},{"dt":1632938400,"temp":67.69,"feels_like":65.95,"pressure":1008,"humidity":38,"dew_point":40.82,"uvi":5.14,"clouds":8,"visibility":10000,"wind_speed":7.05,"wind_deg":93,"wind_gust":5.91,"weather":[{"id":800,"main":"Clear","description":"clear
        sky","icon":"01d"}],"pop":0},{"dt":1632942000,"temp":69.75,"feels_like":68.02,"pressure":1008,"humidity":34,"dew_point":40.26,"uvi":2.83,"clouds":15,"visibility":10000,"wind_speed":8.08,"wind_deg":87,"wind_gust":5.82,"weather":[{"id":801,"main":"Clouds","description":"few
        clouds","icon":"02d"}],"pop":0.23},{"dt":1632945600,"temp":71.04,"feels_like":69.35,"pressure":1007,"humidity":32,"dew_point":39.76,"uvi":2.58,"clouds":23,"visibility":10000,"wind_speed":8.52,"wind_deg":73,"wind_gust":6.04,"weather":[{"id":801,"main":"Clouds","description":"few
        clouds","icon":"02d"}],"pop":0.35},{"dt":1632949200,"temp":66.2,"feels_like":64.49,"pressure":1008,"humidity":42,"dew_point":41.97,"uvi":1.94,"clouds":49,"visibility":9164,"wind_speed":11.54,"wind_deg":19,"wind_gust":12.01,"weather":[{"id":500,"main":"Rain","description":"light
        rain","icon":"10d"}],"pop":0.55,"rain":{"1h":0.36}}],"daily":[{"dt":1632765600,"sunrise":1632747150,"sunset":1632790142,"moonrise":1632804000,"moonset":1632770520,"moon_phase":0.71,"temp":{"day":82.87,"min":65.84,"max":86.36,"night":73.58,"eve":85.33,"morn":66.51},"feels_like":{"day":80.26,"night":71.62,"eve":82.11,"morn":63.84},"pressure":1009,"humidity":12,"dew_point":25.92,"wind_speed":15.23,"wind_deg":136,"wind_gust":20.02,"weather":[{"id":802,"main":"Clouds","description":"scattered
        clouds","icon":"03d"}],"clouds":33,"pop":0,"uvi":5.89},{"dt":1632852000,"sunrise":1632833607,"sunset":1632876443,"moonrise":1632893220,"moonset":1632860280,"moon_phase":0.75,"temp":{"day":78.46,"min":66.38,"max":80.62,"night":66.38,"eve":71.53,"morn":68.29},"feels_like":{"day":76.86,"night":64.6,"eve":69.89,"morn":66.13},"pressure":1001,"humidity":18,"dew_point":31.32,"wind_speed":15.23,"wind_deg":234,"wind_gust":24.02,"weather":[{"id":801,"main":"Clouds","description":"few
        clouds","icon":"02d"}],"clouds":18,"pop":0.31,"uvi":5.55},{"dt":1632938400,"sunrise":1632920064,"sunset":1632962745,"moonrise":0,"moonset":1632949800,"moon_phase":0.77,"temp":{"day":67.69,"min":50.76,"max":71.04,"night":50.76,"eve":55.09,"morn":61.16},"feels_like":{"day":65.95,"night":49.24,"eve":53.78,"morn":59.23},"pressure":1008,"humidity":38,"dew_point":40.82,"wind_speed":14.79,"wind_deg":337,"wind_gust":19.13,"weather":[{"id":501,"main":"Rain","description":"moderate
        rain","icon":"10d"}],"clouds":8,"pop":1,"rain":5.04,"uvi":5.14},{"dt":1633024800,"sunrise":1633006521,"sunset":1633049047,"moonrise":1632982860,"moonset":1633038900,"moon_phase":0.8,"temp":{"day":58.24,"min":50.5,"max":63.66,"night":59.61,"eve":62.85,"morn":50.54},"feels_like":{"day":55.92,"night":57.38,"eve":60.39,"morn":48.31},"pressure":1022,"humidity":46,"dew_point":37.49,"wind_speed":6.73,"wind_deg":58,"wind_gust":6.04,"weather":[{"id":500,"main":"Rain","description":"light
        rain","icon":"10d"}],"clouds":100,"pop":1,"rain":0.59,"uvi":4.96},{"dt":1633111200,"sunrise":1633092979,"sunset":1633135349,"moonrise":1633072860,"moonset":1633127700,"moon_phase":0.83,"temp":{"day":66.09,"min":53.94,"max":71.42,"night":65.16,"eve":70.21,"morn":53.94},"feels_like":{"day":63.72,"night":62.37,"eve":67.55,"morn":51.3},"pressure":1020,"humidity":28,"dew_point":31.95,"wind_speed":5.95,"wind_deg":190,"wind_gust":8.59,"weather":[{"id":800,"main":"Clear","description":"clear
        sky","icon":"01d"}],"clouds":0,"pop":0.16,"uvi":5.62},{"dt":1633197600,"sunrise":1633179436,"sunset":1633221652,"moonrise":1633163160,"moonset":1633216200,"moon_phase":0.87,"temp":{"day":71.35,"min":56.12,"max":76.23,"night":62.91,"eve":74.21,"morn":56.12},"feels_like":{"day":68.79,"night":60.17,"eve":71.85,"morn":52.84},"pressure":1018,"humidity":13,"dew_point":18.27,"wind_speed":13.27,"wind_deg":7,"wind_gust":20.96,"weather":[{"id":800,"main":"Clear","description":"clear
        sky","icon":"01d"}],"clouds":0,"pop":0,"uvi":6},{"dt":1633284000,"sunrise":1633265895,"sunset":1633307955,"moonrise":1633253640,"moonset":1633304460,"moon_phase":0.9,"temp":{"day":58.37,"min":51.31,"max":64.53,"night":58.3,"eve":64.33,"morn":51.31},"feels_like":{"day":55.74,"night":55.29,"eve":61.74,"morn":48.6},"pressure":1024,"humidity":39,"dew_point":33.15,"wind_speed":8.05,"wind_deg":99,"wind_gust":11.7,"weather":[{"id":800,"main":"Clear","description":"clear
        sky","icon":"01d"}],"clouds":2,"pop":0,"uvi":6},{"dt":1633370400,"sunrise":1633352353,"sunset":1633394259,"moonrise":1633344180,"moonset":1633392540,"moon_phase":0.94,"temp":{"day":61.03,"min":49.71,"max":65.7,"night":57.24,"eve":64.78,"morn":49.71},"feels_like":{"day":58.15,"night":54.77,"eve":61.99,"morn":47.17},"pressure":1017,"humidity":28,"dew_point":27.54,"wind_speed":9.98,"wind_deg":19,"wind_gust":11.7,"weather":[{"id":803,"main":"Clouds","description":"broken
        clouds","icon":"04d"}],"clouds":54,"pop":0.09,"uvi":6}]}'
  recorded_at: Mon, 27 Sep 2021 22:26:44 GMT
- request:
    method: get
    uri: http://openlibrary.org/search.json?limit=5&q=denver,co
    body:
      encoding: US-ASCII
      string: ''
    headers:
      User-Agent:
      - Faraday v1.8.0
      Accept-Encoding:
      - gzip;q=1.0,deflate;q=0.6,identity;q=0.3
      Accept:
      - "*/*"
  response:
    status:
      code: 200
      message: OK
    headers:
      Server:
      - nginx/1.18.0 (Ubuntu)
      Date:
      - Mon, 27 Sep 2021 22:26:44 GMT
      Content-Type:
      - application/json
      Transfer-Encoding:
      - chunked
      Connection:
      - keep-alive
      Access-Control-Allow-Origin:
      - "*"
      Access-Control-Allow-Method:
      - GET, OPTIONS
      Access-Control-Max-Age:
      - '86400'
      X-Ol-Stats:
      - '"SR 1 0.138 TT 0 0.140"'
      Referrer-Policy:
      - no-referrer-when-downgrade
    body:
      encoding: UTF-8
      string: |-
        {
            "numFound": 35990,
            "start": 0,
            "numFoundExact": true,
            "docs": [
                {
                    "key": "/works/OL8503198W",
                    "text": [
                        "/works/OL8503198W",
                        "Denver, Co",
                        "OL10909613M",
                        "9780762507849",
                        "0762507845",
                        "Universal Map Enterprises",
                        "OL2843451A",
                        "Universal Map"
                    ],
                    "type": "work",
                    "seed": [
                        "/books/OL10909613M",
                        "/works/OL8503198W",
                        "/authors/OL2843451A"
                    ],
                    "title": "Denver, Co",
                    "title_suggest": "Denver, Co",
                    "has_fulltext": false,
                    "edition_count": 1,
                    "edition_key": [
                        "OL10909613M"
                    ],
                    "publish_date": [
                        "January 2001"
                    ],
                    "publish_year": [
                        2001
                    ],
                    "first_publish_year": 2001,
                    "isbn": [
                        "9780762507849",
                        "0762507845"
                    ],
                    "last_modified_i": 1338943517,
                    "ebook_count_i": 0,
                    "publisher": [
                        "Universal Map Enterprises"
                    ],
                    "language": [
                        "eng"
                    ],
                    "author_key": [
                        "OL2843451A"
                    ],
                    "author_name": [
                        "Universal Map"
                    ],
                    "publisher_facet": [
                        "Universal Map Enterprises"
                    ],
                    "_version_": 1700720295581581317,
                    "author_facet": [
                        "OL2843451A Universal Map"
                    ]
                },
                {
                    "key": "/works/OL8808821W",
                    "text": [
                        "/works/OL8808821W",
                        "University of Denver Co 2007",
                        "OL8537031M",
                        "150368610",
                        "1427401683",
                        "9781427401687",
                        "College Prowler",
                        "OL3010394A",
                        "College Prowler"
                    ],
                    "type": "work",
                    "seed": [
                        "/books/OL8537031M",
                        "/works/OL8808821W",
                        "/authors/OL3010394A"
                    ],
                    "title": "University of Denver Co 2007",
                    "title_suggest": "University of Denver Co 2007",
                    "has_fulltext": false,
                    "edition_count": 1,
                    "edition_key": [
                        "OL8537031M"
                    ],
                    "publish_date": [
                        "July 1, 2006"
                    ],
                    "publish_year": [
                        2006
                    ],
                    "first_publish_year": 2006,
                    "oclc": [
                        "150368610"
                    ],
                    "isbn": [
                        "1427401683",
                        "9781427401687"
                    ],
                    "last_modified_i": 1304171421,
                    "ebook_count_i": 0,
                    "cover_edition_key": "OL8537031M",
                    "cover_i": 1847337,
                    "publisher": [
                        "College Prowler"
                    ],
                    "language": [
                        "eng"
                    ],
                    "author_key": [
                        "OL3010394A"
                    ],
                    "author_name": [
                        "College Prowler"
                    ],
                    "id_goodreads": [
                        "2985742"
                    ],
                    "publisher_facet": [
                        "College Prowler"
                    ],
                    "_version_": 1700720648496611328,
                    "author_facet": [
                        "OL3010394A College Prowler"
                    ]
                },
                {
                    "key": "/works/OL4437736W",
                    "text": [
                        "/works/OL4437736W",
                        "Denver Co Deluxe Flip Map",
                        "OL10911511M",
                        "9780762557363",
                        "0762557362",
                        "Universal Map Enterprises",
                        "OL882946A",
                        "Laura Ryder"
                    ],
                    "type": "work",
                    "seed": [
                        "/books/OL10911511M",
                        "/works/OL4437736W",
                        "/authors/OL882946A"
                    ],
                    "title": "Denver Co Deluxe Flip Map",
                    "title_suggest": "Denver Co Deluxe Flip Map",
                    "has_fulltext": false,
                    "edition_count": 1,
                    "edition_key": [
                        "OL10911511M"
                    ],
                    "publish_date": [
                        "January 2003"
                    ],
                    "publish_year": [
                        2003
                    ],
                    "first_publish_year": 2003,
                    "isbn": [
                        "9780762557363",
                        "0762557362"
                    ],
                    "last_modified_i": 1260838560,
                    "ebook_count_i": 0,
                    "publisher": [
                        "Universal Map Enterprises"
                    ],
                    "language": [
                        "eng"
                    ],
                    "author_key": [
                        "OL882946A"
                    ],
                    "author_name": [
                        "Laura Ryder"
                    ],
                    "publisher_facet": [
                        "Universal Map Enterprises"
                    ],
                    "_version_": 1700714547654950913,
                    "author_facet": [
                        "OL882946A Laura Ryder"
                    ]
                },
                {
                    "key": "/works/OL19500062W",
                    "text": [
                        "/works/OL19500062W",
                        "Photovoltaic safety, Denver, CO, 1988",
                        "Photovoltaic safety.",
                        "OL2061373M",
                        "editor, Werner Luft.",
                        "88042854",
                        "Solar Energy Research Institute.",
                        "Photovoltaics Safety Conference (2nd : 1988 : Denver, Colo.)",
                        "Luft, Werner.",
                        "9780883183663",
                        "0883183668",
                        "American Institute of Physics",
                        "OL714790A",
                        "Werner Luft",
                        "Photovoltaic cells",
                        "Safety measures",
                        "Solar cells",
                        "Congresses",
                        "Design and construction"
                    ],
                    "type": "work",
                    "seed": [
                        "/books/OL2061373M",
                        "/works/OL19500062W",
                        "/subjects/photovoltaic_cells",
                        "/subjects/safety_measures",
                        "/subjects/solar_cells",
                        "/subjects/congresses",
                        "/subjects/design_and_construction",
                        "/authors/OL714790A"
                    ],
                    "title": "Photovoltaic safety, Denver, CO, 1988",
                    "title_suggest": "Photovoltaic safety, Denver, CO, 1988",
                    "has_fulltext": false,
                    "edition_count": 1,
                    "edition_key": [
                        "OL2061373M"
                    ],
                    "publish_date": [
                        "1988"
                    ],
                    "publish_year": [
                        1988
                    ],
                    "first_publish_year": 1988,
                    "lccn": [
                        "88042854"
                    ],
                    "publish_place": [
                        "New York"
                    ],
                    "contributor": [
                        "Solar Energy Research Institute.",
                        "Photovoltaics Safety Conference (2nd : 1988 : Denver, Colo.)",
                        "Luft, Werner."
                    ],
                    "lcc": [
                        "TK-8322.00000000.P46 1988"
                    ],
                    "ddc": [
                        "621.31244"
                    ],
                    "isbn": [
                        "9780883183663",
                        "0883183668"
                    ],
                    "last_modified_i": 1604827192,
                    "ebook_count_i": 0,
                    "cover_edition_key": "OL2061373M",
                    "cover_i": 4745684,
                    "publisher": [
                        "American Institute of Physics"
                    ],
                    "language": [
                        "eng"
                    ],
                    "author_key": [
                        "OL714790A"
                    ],
                    "author_name": [
                        "Werner Luft"
                    ],
                    "subject": [
                        "Photovoltaic cells",
                        "Safety measures",
                        "Solar cells",
                        "Congresses",
                        "Design and construction"
                    ],
                    "id_goodreads": [
                        "3793862"
                    ],
                    "publisher_facet": [
                        "American Institute of Physics"
                    ],
                    "subject_facet": [
                        "Congresses",
                        "Design and construction",
                        "Photovoltaic cells",
                        "Safety measures",
                        "Solar cells"
                    ],
                    "_version_": 1700705535019450369,
                    "lcc_sort": "TK-8322.00000000.P46 1988",
                    "author_facet": [
                        "OL714790A Werner Luft"
                    ],
                    "subject_key": [
                        "congresses",
                        "design_and_construction",
                        "photovoltaic_cells",
                        "safety_measures",
                        "solar_cells"
                    ],
                    "ddc_sort": "621.31244"
                },
                {
                    "key": "/works/OL8541064W",
                    "text": [
                        "/works/OL8541064W",
                        "Insight Fleximap Denver, CO (Insight Fleximaps)",
                        "OL9197762M",
                        "64038908",
                        "9812582622",
                        "9789812582621",
                        "American Map Corporation",
                        "OL2859862A",
                        "American Map Corp"
                    ],
                    "type": "work",
                    "seed": [
                        "/books/OL9197762M",
                        "/works/OL8541064W",
                        "/authors/OL2859862A"
                    ],
                    "title": "Insight Fleximap Denver, CO (Insight Fleximaps)",
                    "title_suggest": "Insight Fleximap Denver, CO (Insight Fleximaps)",
                    "has_fulltext": false,
                    "edition_count": 1,
                    "edition_key": [
                        "OL9197762M"
                    ],
                    "publish_date": [
                        "January 30, 2006"
                    ],
                    "publish_year": [
                        2006
                    ],
                    "first_publish_year": 2006,
                    "oclc": [
                        "64038908"
                    ],
                    "isbn": [
                        "9812582622",
                        "9789812582621"
                    ],
                    "last_modified_i": 1304090516,
                    "ebook_count_i": 0,
                    "cover_edition_key": "OL9197762M",
                    "cover_i": 2302739,
                    "publisher": [
                        "American Map Corporation"
                    ],
                    "language": [
                        "eng"
                    ],
                    "author_key": [
                        "OL2859862A"
                    ],
                    "author_name": [
                        "American Map Corp"
                    ],
                    "publisher_facet": [
                        "American Map Corporation"
                    ],
                    "_version_": 1700720351972950018,
                    "author_facet": [
                        "OL2859862A American Map Corp"
                    ]
                }
            ],
            "num_found": 35990,
            "q": "denver,co",
            "offset": null
        }
  recorded_at: Mon, 27 Sep 2021 22:26:44 GMT
recorded_with: VCR 6.0.0
